[error] Failed to fetch Firebase Project from Studio Workspace because WORKSPACE_SLUG environment variable is empty
[error] Failed to fetch Firebase Project from Studio Workspace because WORKSPACE_SLUG environment variable is empty
[error] Failed to fetch Firebase Project from Studio Workspace because WORKSPACE_SLUG environment variable is empty
[error] Failed to fetch Firebase Project from Studio Workspace because WORKSPACE_SLUG environment variable is empty
[debug] [2025-12-02T11:07:13.822Z] > command requires scopes: ["email","openid","https://www.googleapis.com/auth/cloudplatformprojects.readonly","https://www.googleapis.com/auth/firebase","https://www.googleapis.com/auth/cloud-platform","https://www.googleapis.com/auth/userinfo.email"]
[debug] [2025-12-02T11:07:13.827Z] > command requires scopes: ["email","openid","https://www.googleapis.com/auth/cloudplatformprojects.readonly","https://www.googleapis.com/auth/firebase","https://www.googleapis.com/auth/cloud-platform","https://www.googleapis.com/auth/userinfo.email"]
[error] Failed to fetch Firebase Project from Studio Workspace because WORKSPACE_SLUG environment variable is empty
[error] Failed to fetch Firebase Project from Studio Workspace because WORKSPACE_SLUG environment variable is empty
[error] Failed to fetch Firebase Project from Studio Workspace because WORKSPACE_SLUG environment variable is empty
[debug] [2025-12-02T11:07:22.012Z] > command requires scopes: ["email","openid","https://www.googleapis.com/auth/cloudplatformprojects.readonly","https://www.googleapis.com/auth/firebase","https://www.googleapis.com/auth/cloud-platform","https://www.googleapis.com/auth/userinfo.email"]
[error] Failed to fetch Firebase Project from Studio Workspace because WORKSPACE_SLUG environment variable is empty
[debug] [2025-12-02T11:07:24.145Z] > command requires scopes: ["email","openid","https://www.googleapis.com/auth/cloudplatformprojects.readonly","https://www.googleapis.com/auth/firebase","https://www.googleapis.com/auth/cloud-platform","https://www.googleapis.com/auth/userinfo.email"]
[error] Failed to fetch Firebase Project from Studio Workspace because WORKSPACE_SLUG environment variable is empty
[error] Failed to fetch Firebase Project from Studio Workspace because WORKSPACE_SLUG environment variable is empty
[error] Failed to fetch Firebase Project from Studio Workspace because WORKSPACE_SLUG environment variable is empty
[debug] [2025-12-02T11:07:24.196Z] > command requires scopes: ["email","openid","https://www.googleapis.com/auth/cloudplatformprojects.readonly","https://www.googleapis.com/auth/firebase","https://www.googleapis.com/auth/cloud-platform","https://www.googleapis.com/auth/userinfo.email"]
[error] Failed to fetch Firebase Project from Studio Workspace because WORKSPACE_SLUG environment variable is empty
[error] Failed to fetch Firebase Project from Studio Workspace because WORKSPACE_SLUG environment variable is empty
[error] Failed to fetch Firebase Project from Studio Workspace because WORKSPACE_SLUG environment variable is empty
[debug] [2025-12-02T11:07:24.201Z] > command requires scopes: ["email","openid","https://www.googleapis.com/auth/cloudplatformprojects.readonly","https://www.googleapis.com/auth/firebase","https://www.googleapis.com/auth/cloud-platform","https://www.googleapis.com/auth/userinfo.email"]
[error] Failed to fetch Firebase Project from Studio Workspace because WORKSPACE_SLUG environment variable is empty
[error] Failed to fetch Firebase Project from Studio Workspace because WORKSPACE_SLUG environment variable is empty
[debug] [2025-12-02T11:07:26.336Z] > command requires scopes: ["email","openid","https://www.googleapis.com/auth/cloudplatformprojects.readonly","https://www.googleapis.com/auth/firebase","https://www.googleapis.com/auth/cloud-platform","https://www.googleapis.com/auth/userinfo.email"]
[debug] [2025-12-02T11:07:26.337Z] > command requires scopes: ["email","openid","https://www.googleapis.com/auth/cloudplatformprojects.readonly","https://www.googleapis.com/auth/firebase","https://www.googleapis.com/auth/cloud-platform","https://www.googleapis.com/auth/userinfo.email"]
[error] Failed to fetch Firebase Project from Studio Workspace because WORKSPACE_SLUG environment variable is empty
[error] Failed to fetch Firebase Project from Studio Workspace because WORKSPACE_SLUG environment variable is empty
[error] Failed to fetch Firebase Project from Studio Workspace because WORKSPACE_SLUG environment variable is empty
[error] Failed to fetch Firebase Project from Studio Workspace because WORKSPACE_SLUG environment variable is empty
[debug] [2025-12-02T12:06:56.149Z] > command requires scopes: ["email","openid","https://www.googleapis.com/auth/cloudplatformprojects.readonly","https://www.googleapis.com/auth/firebase","https://www.googleapis.com/auth/cloud-platform","https://www.googleapis.com/auth/userinfo.email"]
[debug] [2025-12-02T12:06:56.154Z] > command requires scopes: ["email","openid","https://www.googleapis.com/auth/cloudplatformprojects.readonly","https://www.googleapis.com/auth/firebase","https://www.googleapis.com/auth/cloud-platform","https://www.googleapis.com/auth/userinfo.email"]
[debug] [2025-12-02T12:07:24.291Z] Running auto auth
[debug] [2025-12-02T12:07:24.292Z] Running auto auth
[error] Failed to fetch Firebase Project from Studio Workspace because WORKSPACE_SLUG environment variable is empty
[error] Failed to fetch Firebase Project from Studio Workspace because WORKSPACE_SLUG environment variable is empty
[error] Failed to fetch Firebase Project from Studio Workspace because WORKSPACE_SLUG environment variable is empty
[debug] [2025-12-02T12:07:24.453Z] > command requires scopes: ["email","openid","https://www.googleapis.com/auth/cloudplatformprojects.readonly","https://www.googleapis.com/auth/firebase","https://www.googleapis.com/auth/cloud-platform","https://www.googleapis.com/auth/userinfo.email"]
[debug] [2025-12-02T12:07:24.453Z] > authorizing via signed-in user (shobhit.choudhary22@gmail.com)
[error] Failed to fetch Firebase Project from Studio Workspace because WORKSPACE_SLUG environment variable is empty
[debug] [2025-12-02T12:07:24.456Z] > command requires scopes: ["email","openid","https://www.googleapis.com/auth/cloudplatformprojects.readonly","https://www.googleapis.com/auth/firebase","https://www.googleapis.com/auth/cloud-platform","https://www.googleapis.com/auth/userinfo.email"]
[debug] [2025-12-02T12:07:24.457Z] > authorizing via signed-in user (shobhit.choudhary22@gmail.com)
[error] Failed to fetch Firebase Project from Studio Workspace because WORKSPACE_SLUG environment variable is empty
[error] Failed to fetch Firebase Project from Studio Workspace because WORKSPACE_SLUG environment variable is empty
[error] Failed to fetch Firebase Project from Studio Workspace because WORKSPACE_SLUG environment variable is empty
[debug] [2025-12-02T12:07:24.477Z] > command requires scopes: ["email","openid","https://www.googleapis.com/auth/cloudplatformprojects.readonly","https://www.googleapis.com/auth/firebase","https://www.googleapis.com/auth/cloud-platform","https://www.googleapis.com/auth/userinfo.email"]
[debug] [2025-12-02T12:07:24.478Z] > authorizing via signed-in user (shobhit.choudhary22@gmail.com)
[error] Failed to fetch Firebase Project from Studio Workspace because WORKSPACE_SLUG environment variable is empty
[debug] [2025-12-02T12:07:24.479Z] > command requires scopes: ["email","openid","https://www.googleapis.com/auth/cloudplatformprojects.readonly","https://www.googleapis.com/auth/firebase","https://www.googleapis.com/auth/cloud-platform","https://www.googleapis.com/auth/userinfo.email"]
[debug] [2025-12-02T12:07:24.479Z] > authorizing via signed-in user (shobhit.choudhary22@gmail.com)
[error] Failed to fetch Firebase Project from Studio Workspace because WORKSPACE_SLUG environment variable is empty
[error] Failed to fetch Firebase Project from Studio Workspace because WORKSPACE_SLUG environment variable is empty
[error] Failed to fetch Firebase Project from Studio Workspace because WORKSPACE_SLUG environment variable is empty
[debug] [2025-12-02T12:07:24.488Z] > command requires scopes: ["email","openid","https://www.googleapis.com/auth/cloudplatformprojects.readonly","https://www.googleapis.com/auth/firebase","https://www.googleapis.com/auth/cloud-platform","https://www.googleapis.com/auth/userinfo.email"]
[debug] [2025-12-02T12:07:24.488Z] > authorizing via signed-in user (shobhit.choudhary22@gmail.com)
[error] Failed to fetch Firebase Project from Studio Workspace because WORKSPACE_SLUG environment variable is empty
[debug] [2025-12-02T12:07:24.490Z] > command requires scopes: ["email","openid","https://www.googleapis.com/auth/cloudplatformprojects.readonly","https://www.googleapis.com/auth/firebase","https://www.googleapis.com/auth/cloud-platform","https://www.googleapis.com/auth/userinfo.email"]
[debug] [2025-12-02T12:07:24.490Z] > authorizing via signed-in user (shobhit.choudhary22@gmail.com)
[error] Failed to fetch Firebase Project from Studio Workspace because WORKSPACE_SLUG environment variable is empty
[error] Failed to fetch Firebase Project from Studio Workspace because WORKSPACE_SLUG environment variable is empty
[error] Failed to fetch Firebase Project from Studio Workspace because WORKSPACE_SLUG environment variable is empty
[error] Failed to fetch Firebase Project from Studio Workspace because WORKSPACE_SLUG environment variable is empty
[debug] [2025-12-03T12:38:16.919Z] > command requires scopes: ["email","openid","https://www.googleapis.com/auth/cloudplatformprojects.readonly","https://www.googleapis.com/auth/firebase","https://www.googleapis.com/auth/cloud-platform","https://www.googleapis.com/auth/userinfo.email"]
[debug] [2025-12-03T12:38:16.923Z] > command requires scopes: ["email","openid","https://www.googleapis.com/auth/cloudplatformprojects.readonly","https://www.googleapis.com/auth/firebase","https://www.googleapis.com/auth/cloud-platform","https://www.googleapis.com/auth/userinfo.email"]
[error] Failed to fetch Firebase Project from Studio Workspace because WORKSPACE_SLUG environment variable is empty
[error] Failed to fetch Firebase Project from Studio Workspace because WORKSPACE_SLUG environment variable is empty
[error] Failed to fetch Firebase Project from Studio Workspace because WORKSPACE_SLUG environment variable is empty
[error] Failed to fetch Firebase Project from Studio Workspace because WORKSPACE_SLUG environment variable is empty
[debug] [2025-12-03T12:39:16.916Z] > command requires scopes: ["email","openid","https://www.googleapis.com/auth/cloudplatformprojects.readonly","https://www.googleapis.com/auth/firebase","https://www.googleapis.com/auth/cloud-platform","https://www.googleapis.com/auth/userinfo.email"]
[debug] [2025-12-03T12:39:16.917Z] > command requires scopes: ["email","openid","https://www.googleapis.com/auth/cloudplatformprojects.readonly","https://www.googleapis.com/auth/firebase","https://www.googleapis.com/auth/cloud-platform","https://www.googleapis.com/auth/userinfo.email"]
[error] Failed to fetch Firebase Project from Studio Workspace because WORKSPACE_SLUG environment variable is empty
[error] Failed to fetch Firebase Project from Studio Workspace because WORKSPACE_SLUG environment variable is empty
[error] Failed to fetch Firebase Project from Studio Workspace because WORKSPACE_SLUG environment variable is empty
[debug] [2025-12-03T12:39:45.488Z] > command requires scopes: ["email","openid","https://www.googleapis.com/auth/cloudplatformprojects.readonly","https://www.googleapis.com/auth/firebase","https://www.googleapis.com/auth/cloud-platform","https://www.googleapis.com/auth/userinfo.email"]
[error] Failed to fetch Firebase Project from Studio Workspace because WORKSPACE_SLUG environment variable is empty
[error] Failed to fetch Firebase Project from Studio Workspace because WORKSPACE_SLUG environment variable is empty
[error] Failed to fetch Firebase Project from Studio Workspace because WORKSPACE_SLUG environment variable is empty
[debug] [2025-12-03T12:39:45.498Z] > command requires scopes: ["email","openid","https://www.googleapis.com/auth/cloudplatformprojects.readonly","https://www.googleapis.com/auth/firebase","https://www.googleapis.com/auth/cloud-platform","https://www.googleapis.com/auth/userinfo.email"]
[error] Failed to fetch Firebase Project from Studio Workspace because WORKSPACE_SLUG environment variable is empty
[error] Failed to fetch Firebase Project from Studio Workspace because WORKSPACE_SLUG environment variable is empty
[error] Failed to fetch Firebase Project from Studio Workspace because WORKSPACE_SLUG environment variable is empty
[debug] [2025-12-03T12:39:45.510Z] > command requires scopes: ["email","openid","https://www.googleapis.com/auth/cloudplatformprojects.readonly","https://www.googleapis.com/auth/firebase","https://www.googleapis.com/auth/cloud-platform","https://www.googleapis.com/auth/userinfo.email"]
[error] Failed to fetch Firebase Project from Studio Workspace because WORKSPACE_SLUG environment variable is empty
[error] Failed to fetch Firebase Project from Studio Workspace because WORKSPACE_SLUG environment variable is empty
[error] Failed to fetch Firebase Project from Studio Workspace because WORKSPACE_SLUG environment variable is empty
[debug] [2025-12-03T12:39:47.646Z] > command requires scopes: ["email","openid","https://www.googleapis.com/auth/cloudplatformprojects.readonly","https://www.googleapis.com/auth/firebase","https://www.googleapis.com/auth/cloud-platform","https://www.googleapis.com/auth/userinfo.email"]
[debug] [2025-12-03T12:39:47.647Z] > command requires scopes: ["email","openid","https://www.googleapis.com/auth/cloudplatformprojects.readonly","https://www.googleapis.com/auth/firebase","https://www.googleapis.com/auth/cloud-platform","https://www.googleapis.com/auth/userinfo.email"]
[debug] [2025-12-03T12:39:47.647Z] > command requires scopes: ["email","openid","https://www.googleapis.com/auth/cloudplatformprojects.readonly","https://www.googleapis.com/auth/firebase","https://www.googleapis.com/auth/cloud-platform","https://www.googleapis.com/auth/userinfo.email"]
[error] Failed to fetch Firebase Project from Studio Workspace because WORKSPACE_SLUG environment variable is empty
[error] Failed to fetch Firebase Project from Studio Workspace because WORKSPACE_SLUG environment variable is empty
[error] Failed to fetch Firebase Project from Studio Workspace because WORKSPACE_SLUG environment variable is empty
[error] Failed to fetch Firebase Project from Studio Workspace because WORKSPACE_SLUG environment variable is empty
[debug] [2025-12-06T12:42:18.216Z] > command requires scopes: ["email","openid","https://www.googleapis.com/auth/cloudplatformprojects.readonly","https://www.googleapis.com/auth/firebase","https://www.googleapis.com/auth/cloud-platform","https://www.googleapis.com/auth/userinfo.email"]
[debug] [2025-12-06T12:42:18.220Z] > command requires scopes: ["email","openid","https://www.googleapis.com/auth/cloudplatformprojects.readonly","https://www.googleapis.com/auth/firebase","https://www.googleapis.com/auth/cloud-platform","https://www.googleapis.com/auth/userinfo.email"]
[debug] [2025-12-06T12:42:46.045Z] Running auto auth
[debug] [2025-12-06T12:42:46.046Z] Running auto auth
[error] Failed to fetch Firebase Project from Studio Workspace because WORKSPACE_SLUG environment variable is empty
[error] Failed to fetch Firebase Project from Studio Workspace because WORKSPACE_SLUG environment variable is empty
[error] Failed to fetch Firebase Project from Studio Workspace because WORKSPACE_SLUG environment variable is empty
[debug] [2025-12-06T12:42:46.261Z] > command requires scopes: ["email","openid","https://www.googleapis.com/auth/cloudplatformprojects.readonly","https://www.googleapis.com/auth/firebase","https://www.googleapis.com/auth/cloud-platform","https://www.googleapis.com/auth/userinfo.email"]
[debug] [2025-12-06T12:42:46.261Z] > authorizing via signed-in user (shobhit.choudhary22@gmail.com)
[error] Failed to fetch Firebase Project from Studio Workspace because WORKSPACE_SLUG environment variable is empty
[debug] [2025-12-06T12:42:46.263Z] > command requires scopes: ["email","openid","https://www.googleapis.com/auth/cloudplatformprojects.readonly","https://www.googleapis.com/auth/firebase","https://www.googleapis.com/auth/cloud-platform","https://www.googleapis.com/auth/userinfo.email"]
[debug] [2025-12-06T12:42:46.263Z] > authorizing via signed-in user (shobhit.choudhary22@gmail.com)
[error] Failed to fetch Firebase Project from Studio Workspace because WORKSPACE_SLUG environment variable is empty
[error] Failed to fetch Firebase Project from Studio Workspace because WORKSPACE_SLUG environment variable is empty
[error] Failed to fetch Firebase Project from Studio Workspace because WORKSPACE_SLUG environment variable is empty
[debug] [2025-12-06T12:42:46.296Z] > command requires scopes: ["email","openid","https://www.googleapis.com/auth/cloudplatformprojects.readonly","https://www.googleapis.com/auth/firebase","https://www.googleapis.com/auth/cloud-platform","https://www.googleapis.com/auth/userinfo.email"]
[debug] [2025-12-06T12:42:46.297Z] > authorizing via signed-in user (shobhit.choudhary22@gmail.com)
[error] Failed to fetch Firebase Project from Studio Workspace because WORKSPACE_SLUG environment variable is empty
[debug] [2025-12-06T12:42:46.301Z] > command requires scopes: ["email","openid","https://www.googleapis.com/auth/cloudplatformprojects.readonly","https://www.googleapis.com/auth/firebase","https://www.googleapis.com/auth/cloud-platform","https://www.googleapis.com/auth/userinfo.email"]
[debug] [2025-12-06T12:42:46.301Z] > authorizing via signed-in user (shobhit.choudhary22@gmail.com)
[error] Failed to fetch Firebase Project from Studio Workspace because WORKSPACE_SLUG environment variable is empty
[error] Failed to fetch Firebase Project from Studio Workspace because WORKSPACE_SLUG environment variable is empty
[error] Failed to fetch Firebase Project from Studio Workspace because WORKSPACE_SLUG environment variable is empty
[debug] [2025-12-06T12:42:46.307Z] > command requires scopes: ["email","openid","https://www.googleapis.com/auth/cloudplatformprojects.readonly","https://www.googleapis.com/auth/firebase","https://www.googleapis.com/auth/cloud-platform","https://www.googleapis.com/auth/userinfo.email"]
[debug] [2025-12-06T12:42:46.307Z] > authorizing via signed-in user (shobhit.choudhary22@gmail.com)
[error] Failed to fetch Firebase Project from Studio Workspace because WORKSPACE_SLUG environment variable is empty
[debug] [2025-12-06T12:42:46.308Z] > command requires scopes: ["email","openid","https://www.googleapis.com/auth/cloudplatformprojects.readonly","https://www.googleapis.com/auth/firebase","https://www.googleapis.com/auth/cloud-platform","https://www.googleapis.com/auth/userinfo.email"]
[debug] [2025-12-06T12:42:46.308Z] > authorizing via signed-in user (shobhit.choudhary22@gmail.com)
[error] Failed to fetch Firebase Project from Studio Workspace because WORKSPACE_SLUG environment variable is empty
[error] Failed to fetch Firebase Project from Studio Workspace because WORKSPACE_SLUG environment variable is empty
[error] Failed to fetch Firebase Project from Studio Workspace because WORKSPACE_SLUG environment variable is empty
[error] Failed to fetch Firebase Project from Studio Workspace because WORKSPACE_SLUG environment variable is empty
[debug] [2025-12-06T17:13:07.402Z] > command requires scopes: ["email","openid","https://www.googleapis.com/auth/cloudplatformprojects.readonly","https://www.googleapis.com/auth/firebase","https://www.googleapis.com/auth/cloud-platform","https://www.googleapis.com/auth/userinfo.email"]
[debug] [2025-12-06T17:13:07.405Z] > command requires scopes: ["email","openid","https://www.googleapis.com/auth/cloudplatformprojects.readonly","https://www.googleapis.com/auth/firebase","https://www.googleapis.com/auth/cloud-platform","https://www.googleapis.com/auth/userinfo.email"]
[error] Failed to fetch Firebase Project from Studio Workspace because WORKSPACE_SLUG environment variable is empty
[error] Failed to fetch Firebase Project from Studio Workspace because WORKSPACE_SLUG environment variable is empty
[error] Failed to fetch Firebase Project from Studio Workspace because WORKSPACE_SLUG environment variable is empty
[error] Failed to fetch Firebase Project from Studio Workspace because WORKSPACE_SLUG environment variable is empty
[debug] [2025-12-06T17:14:07.393Z] > command requires scopes: ["email","openid","https://www.googleapis.com/auth/cloudplatformprojects.readonly","https://www.googleapis.com/auth/firebase","https://www.googleapis.com/auth/cloud-platform","https://www.googleapis.com/auth/userinfo.email"]
[debug] [2025-12-06T17:14:07.394Z] > command requires scopes: ["email","openid","https://www.googleapis.com/auth/cloudplatformprojects.readonly","https://www.googleapis.com/auth/firebase","https://www.googleapis.com/auth/cloud-platform","https://www.googleapis.com/auth/userinfo.email"]
[error] Failed to fetch Firebase Project from Studio Workspace because WORKSPACE_SLUG environment variable is empty
[error] Failed to fetch Firebase Project from Studio Workspace because WORKSPACE_SLUG environment variable is empty
[error] Failed to fetch Firebase Project from Studio Workspace because WORKSPACE_SLUG environment variable is empty
[debug] [2025-12-06T17:14:18.763Z] > command requires scopes: ["email","openid","https://www.googleapis.com/auth/cloudplatformprojects.readonly","https://www.googleapis.com/auth/firebase","https://www.googleapis.com/auth/cloud-platform","https://www.googleapis.com/auth/userinfo.email"]
[error] Failed to fetch Firebase Project from Studio Workspace because WORKSPACE_SLUG environment variable is empty
[error] Failed to fetch Firebase Project from Studio Workspace because WORKSPACE_SLUG environment variable is empty
[error] Failed to fetch Firebase Project from Studio Workspace because WORKSPACE_SLUG environment variable is empty
[debug] [2025-12-06T17:14:18.786Z] > command requires scopes: ["email","openid","https://www.googleapis.com/auth/cloudplatformprojects.readonly","https://www.googleapis.com/auth/firebase","https://www.googleapis.com/auth/cloud-platform","https://www.googleapis.com/auth/userinfo.email"]
[error] Failed to fetch Firebase Project from Studio Workspace because WORKSPACE_SLUG environment variable is empty
[error] Failed to fetch Firebase Project from Studio Workspace because WORKSPACE_SLUG environment variable is empty
[error] Failed to fetch Firebase Project from Studio Workspace because WORKSPACE_SLUG environment variable is empty
[debug] [2025-12-06T17:14:18.790Z] > command requires scopes: ["email","openid","https://www.googleapis.com/auth/cloudplatformprojects.readonly","https://www.googleapis.com/auth/firebase","https://www.googleapis.com/auth/cloud-platform","https://www.googleapis.com/auth/userinfo.email"]
[error] Failed to fetch Firebase Project from Studio Workspace because WORKSPACE_SLUG environment variable is empty
[error] Failed to fetch Firebase Project from Studio Workspace because WORKSPACE_SLUG environment variable is empty
[error] Failed to fetch Firebase Project from Studio Workspace because WORKSPACE_SLUG environment variable is empty
[debug] [2025-12-06T17:14:20.903Z] > command requires scopes: ["email","openid","https://www.googleapis.com/auth/cloudplatformprojects.readonly","https://www.googleapis.com/auth/firebase","https://www.googleapis.com/auth/cloud-platform","https://www.googleapis.com/auth/userinfo.email"]
[debug] [2025-12-06T17:14:20.904Z] > command requires scopes: ["email","openid","https://www.googleapis.com/auth/cloudplatformprojects.readonly","https://www.googleapis.com/auth/firebase","https://www.googleapis.com/auth/cloud-platform","https://www.googleapis.com/auth/userinfo.email"]
[debug] [2025-12-06T17:14:20.904Z] > command requires scopes: ["email","openid","https://www.googleapis.com/auth/cloudplatformprojects.readonly","https://www.googleapis.com/auth/firebase","https://www.googleapis.com/auth/cloud-platform","https://www.googleapis.com/auth/userinfo.email"]
[error] Failed to fetch Firebase Project from Studio Workspace because WORKSPACE_SLUG environment variable is empty
[error] Failed to fetch Firebase Project from Studio Workspace because WORKSPACE_SLUG environment variable is empty
[debug] [2025-12-08T10:31:46.470Z] > command requires scopes: ["email","openid","https://www.googleapis.com/auth/cloudplatformprojects.readonly","https://www.googleapis.com/auth/firebase","https://www.googleapis.com/auth/cloud-platform","https://www.googleapis.com/auth/userinfo.email"]
[error] Failed to fetch Firebase Project from Studio Workspace because WORKSPACE_SLUG environment variable is empty
[error] Failed to fetch Firebase Project from Studio Workspace because WORKSPACE_SLUG environment variable is empty
[debug] [2025-12-08T10:31:46.490Z] > command requires scopes: ["email","openid","https://www.googleapis.com/auth/cloudplatformprojects.readonly","https://www.googleapis.com/auth/firebase","https://www.googleapis.com/auth/cloud-platform","https://www.googleapis.com/auth/userinfo.email"]
[error] Failed to fetch Firebase Project from Studio Workspace because WORKSPACE_SLUG environment variable is empty
[error] Failed to fetch Firebase Project from Studio Workspace because WORKSPACE_SLUG environment variable is empty
[error] Failed to fetch Firebase Project from Studio Workspace because WORKSPACE_SLUG environment variable is empty
[error] Failed to fetch Firebase Project from Studio Workspace because WORKSPACE_SLUG environment variable is empty
[debug] [2025-12-08T10:32:46.472Z] > command requires scopes: ["email","openid","https://www.googleapis.com/auth/cloudplatformprojects.readonly","https://www.googleapis.com/auth/firebase","https://www.googleapis.com/auth/cloud-platform","https://www.googleapis.com/auth/userinfo.email"]
[debug] [2025-12-08T10:32:46.472Z] > command requires scopes: ["email","openid","https://www.googleapis.com/auth/cloudplatformprojects.readonly","https://www.googleapis.com/auth/firebase","https://www.googleapis.com/auth/cloud-platform","https://www.googleapis.com/auth/userinfo.email"]
[error] Failed to fetch Firebase Project from Studio Workspace because WORKSPACE_SLUG environment variable is empty
[error] Failed to fetch Firebase Project from Studio Workspace because WORKSPACE_SLUG environment variable is empty
[error] Failed to fetch Firebase Project from Studio Workspace because WORKSPACE_SLUG environment variable is empty
[debug] [2025-12-08T10:33:16.659Z] > command requires scopes: ["email","openid","https://www.googleapis.com/auth/cloudplatformprojects.readonly","https://www.googleapis.com/auth/firebase","https://www.googleapis.com/auth/cloud-platform","https://www.googleapis.com/auth/userinfo.email"]
[error] Failed to fetch Firebase Project from Studio Workspace because WORKSPACE_SLUG environment variable is empty
[error] Failed to fetch Firebase Project from Studio Workspace because WORKSPACE_SLUG environment variable is empty
[error] Failed to fetch Firebase Project from Studio Workspace because WORKSPACE_SLUG environment variable is empty
[debug] [2025-12-08T10:33:16.665Z] > command requires scopes: ["email","openid","https://www.googleapis.com/auth/cloudplatformprojects.readonly","https://www.googleapis.com/auth/firebase","https://www.googleapis.com/auth/cloud-platform","https://www.googleapis.com/auth/userinfo.email"]
[error] Failed to fetch Firebase Project from Studio Workspace because WORKSPACE_SLUG environment variable is empty
[error] Failed to fetch Firebase Project from Studio Workspace because WORKSPACE_SLUG environment variable is empty
[error] Failed to fetch Firebase Project from Studio Workspace because WORKSPACE_SLUG environment variable is empty
[debug] [2025-12-08T10:33:16.674Z] > command requires scopes: ["email","openid","https://www.googleapis.com/auth/cloudplatformprojects.readonly","https://www.googleapis.com/auth/firebase","https://www.googleapis.com/auth/cloud-platform","https://www.googleapis.com/auth/userinfo.email"]
[error] Failed to fetch Firebase Project from Studio Workspace because WORKSPACE_SLUG environment variable is empty
[error] Failed to fetch Firebase Project from Studio Workspace because WORKSPACE_SLUG environment variable is empty
[error] Failed to fetch Firebase Project from Studio Workspace because WORKSPACE_SLUG environment variable is empty
[debug] [2025-12-08T10:33:18.803Z] > command requires scopes: ["email","openid","https://www.googleapis.com/auth/cloudplatformprojects.readonly","https://www.googleapis.com/auth/firebase","https://www.googleapis.com/auth/cloud-platform","https://www.googleapis.com/auth/userinfo.email"]
[debug] [2025-12-08T10:33:18.803Z] > command requires scopes: ["email","openid","https://www.googleapis.com/auth/cloudplatformprojects.readonly","https://www.googleapis.com/auth/firebase","https://www.googleapis.com/auth/cloud-platform","https://www.googleapis.com/auth/userinfo.email"]
[debug] [2025-12-08T10:33:18.807Z] > command requires scopes: ["email","openid","https://www.googleapis.com/auth/cloudplatformprojects.readonly","https://www.googleapis.com/auth/firebase","https://www.googleapis.com/auth/cloud-platform","https://www.googleapis.com/auth/userinfo.email"]
[error] Failed to fetch Firebase Project from Studio Workspace because WORKSPACE_SLUG environment variable is empty
[error] Failed to fetch Firebase Project from Studio Workspace because WORKSPACE_SLUG environment variable is empty
[error] Failed to fetch Firebase Project from Studio Workspace because WORKSPACE_SLUG environment variable is empty
[error] Failed to fetch Firebase Project from Studio Workspace because WORKSPACE_SLUG environment variable is empty
[debug] [2025-12-11T02:47:43.317Z] > command requires scopes: ["email","openid","https://www.googleapis.com/auth/cloudplatformprojects.readonly","https://www.googleapis.com/auth/firebase","https://www.googleapis.com/auth/cloud-platform","https://www.googleapis.com/auth/userinfo.email"]
[debug] [2025-12-11T02:47:43.321Z] > command requires scopes: ["email","openid","https://www.googleapis.com/auth/cloudplatformprojects.readonly","https://www.googleapis.com/auth/firebase","https://www.googleapis.com/auth/cloud-platform","https://www.googleapis.com/auth/userinfo.email"]
[debug] [2025-12-11T02:48:00.951Z] Running auto auth
[debug] [2025-12-11T02:48:00.952Z] Running auto auth
[error] Failed to fetch Firebase Project from Studio Workspace because WORKSPACE_SLUG environment variable is empty
[error] Failed to fetch Firebase Project from Studio Workspace because WORKSPACE_SLUG environment variable is empty
[error] Failed to fetch Firebase Project from Studio Workspace because WORKSPACE_SLUG environment variable is empty
[debug] [2025-12-11T02:48:01.144Z] > command requires scopes: ["email","openid","https://www.googleapis.com/auth/cloudplatformprojects.readonly","https://www.googleapis.com/auth/firebase","https://www.googleapis.com/auth/cloud-platform","https://www.googleapis.com/auth/userinfo.email"]
[debug] [2025-12-11T02:48:01.145Z] > authorizing via signed-in user (shobhit.choudhary22@gmail.com)
[error] Failed to fetch Firebase Project from Studio Workspace because WORKSPACE_SLUG environment variable is empty
[debug] [2025-12-11T02:48:01.152Z] > command requires scopes: ["email","openid","https://www.googleapis.com/auth/cloudplatformprojects.readonly","https://www.googleapis.com/auth/firebase","https://www.googleapis.com/auth/cloud-platform","https://www.googleapis.com/auth/userinfo.email"]
[debug] [2025-12-11T02:48:01.153Z] > authorizing via signed-in user (shobhit.choudhary22@gmail.com)
[error] Failed to fetch Firebase Project from Studio Workspace because WORKSPACE_SLUG environment variable is empty
[error] Failed to fetch Firebase Project from Studio Workspace because WORKSPACE_SLUG environment variable is empty
[error] Failed to fetch Firebase Project from Studio Workspace because WORKSPACE_SLUG environment variable is empty
[debug] [2025-12-11T02:48:01.179Z] > command requires scopes: ["email","openid","https://www.googleapis.com/auth/cloudplatformprojects.readonly","https://www.googleapis.com/auth/firebase","https://www.googleapis.com/auth/cloud-platform","https://www.googleapis.com/auth/userinfo.email"]
[debug] [2025-12-11T02:48:01.179Z] > authorizing via signed-in user (shobhit.choudhary22@gmail.com)
[error] Failed to fetch Firebase Project from Studio Workspace because WORKSPACE_SLUG environment variable is empty
[debug] [2025-12-11T02:48:01.181Z] > command requires scopes: ["email","openid","https://www.googleapis.com/auth/cloudplatformprojects.readonly","https://www.googleapis.com/auth/firebase","https://www.googleapis.com/auth/cloud-platform","https://www.googleapis.com/auth/userinfo.email"]
[debug] [2025-12-11T02:48:01.181Z] > authorizing via signed-in user (shobhit.choudhary22@gmail.com)
[error] Failed to fetch Firebase Project from Studio Workspace because WORKSPACE_SLUG environment variable is empty
[error] Failed to fetch Firebase Project from Studio Workspace because WORKSPACE_SLUG environment variable is empty
[error] Failed to fetch Firebase Project from Studio Workspace because WORKSPACE_SLUG environment variable is empty
[debug] [2025-12-11T02:48:01.192Z] > command requires scopes: ["email","openid","https://www.googleapis.com/auth/cloudplatformprojects.readonly","https://www.googleapis.com/auth/firebase","https://www.googleapis.com/auth/cloud-platform","https://www.googleapis.com/auth/userinfo.email"]
[debug] [2025-12-11T02:48:01.193Z] > authorizing via signed-in user (shobhit.choudhary22@gmail.com)
[error] Failed to fetch Firebase Project from Studio Workspace because WORKSPACE_SLUG environment variable is empty
[debug] [2025-12-11T02:48:01.194Z] > command requires scopes: ["email","openid","https://www.googleapis.com/auth/cloudplatformprojects.readonly","https://www.googleapis.com/auth/firebase","https://www.googleapis.com/auth/cloud-platform","https://www.googleapis.com/auth/userinfo.email"]
[debug] [2025-12-11T02:48:01.195Z] > authorizing via signed-in user (shobhit.choudhary22@gmail.com)
[error] Failed to fetch Firebase Project from Studio Workspace because WORKSPACE_SLUG environment variable is empty
[error] Failed to fetch Firebase Project from Studio Workspace because WORKSPACE_SLUG environment variable is empty
[debug] [2025-12-11T09:07:04.919Z] > command requires scopes: ["email","openid","https://www.googleapis.com/auth/cloudplatformprojects.readonly","https://www.googleapis.com/auth/firebase","https://www.googleapis.com/auth/cloud-platform","https://www.googleapis.com/auth/userinfo.email"]
[error] Failed to fetch Firebase Project from Studio Workspace because WORKSPACE_SLUG environment variable is empty
[error] Failed to fetch Firebase Project from Studio Workspace because WORKSPACE_SLUG environment variable is empty
[debug] [2025-12-11T09:07:04.958Z] > command requires scopes: ["email","openid","https://www.googleapis.com/auth/cloudplatformprojects.readonly","https://www.googleapis.com/auth/firebase","https://www.googleapis.com/auth/cloud-platform","https://www.googleapis.com/auth/userinfo.email"]
[error] Failed to fetch Firebase Project from Studio Workspace because WORKSPACE_SLUG environment variable is empty
[error] Failed to fetch Firebase Project from Studio Workspace because WORKSPACE_SLUG environment variable is empty
[error] Failed to fetch Firebase Project from Studio Workspace because WORKSPACE_SLUG environment variable is empty
[error] Failed to fetch Firebase Project from Studio Workspace because WORKSPACE_SLUG environment variable is empty
[debug] [2025-12-11T09:08:04.917Z] > command requires scopes: ["email","openid","https://www.googleapis.com/auth/cloudplatformprojects.readonly","https://www.googleapis.com/auth/firebase","https://www.googleapis.com/auth/cloud-platform","https://www.googleapis.com/auth/userinfo.email"]
[debug] [2025-12-11T09:08:04.923Z] > command requires scopes: ["email","openid","https://www.googleapis.com/auth/cloudplatformprojects.readonly","https://www.googleapis.com/auth/firebase","https://www.googleapis.com/auth/cloud-platform","https://www.googleapis.com/auth/userinfo.email"]
[error] Failed to fetch Firebase Project from Studio Workspace because WORKSPACE_SLUG environment variable is empty
[error] Failed to fetch Firebase Project from Studio Workspace because WORKSPACE_SLUG environment variable is empty
[error] Failed to fetch Firebase Project from Studio Workspace because WORKSPACE_SLUG environment variable is empty
[debug] [2025-12-11T09:08:05.386Z] > command requires scopes: ["email","openid","https://www.googleapis.com/auth/cloudplatformprojects.readonly","https://www.googleapis.com/auth/firebase","https://www.googleapis.com/auth/cloud-platform","https://www.googleapis.com/auth/userinfo.email"]
[error] Failed to fetch Firebase Project from Studio Workspace because WORKSPACE_SLUG environment variable is empty
[error] Failed to fetch Firebase Project from Studio Workspace because WORKSPACE_SLUG environment variable is empty
[error] Failed to fetch Firebase Project from Studio Workspace because WORKSPACE_SLUG environment variable is empty
[debug] [2025-12-11T09:08:05.403Z] > command requires scopes: ["email","openid","https://www.googleapis.com/auth/cloudplatformprojects.readonly","https://www.googleapis.com/auth/firebase","https://www.googleapis.com/auth/cloud-platform","https://www.googleapis.com/auth/userinfo.email"]
[error] Failed to fetch Firebase Project from Studio Workspace because WORKSPACE_SLUG environment variable is empty
[error] Failed to fetch Firebase Project from Studio Workspace because WORKSPACE_SLUG environment variable is empty
[error] Failed to fetch Firebase Project from Studio Workspace because WORKSPACE_SLUG environment variable is empty
[debug] [2025-12-11T09:08:05.416Z] > command requires scopes: ["email","openid","https://www.googleapis.com/auth/cloudplatformprojects.readonly","https://www.googleapis.com/auth/firebase","https://www.googleapis.com/auth/cloud-platform","https://www.googleapis.com/auth/userinfo.email"]
[error] Failed to fetch Firebase Project from Studio Workspace because WORKSPACE_SLUG environment variable is empty
[error] Failed to fetch Firebase Project from Studio Workspace because WORKSPACE_SLUG environment variable is empty
[error] Failed to fetch Firebase Project from Studio Workspace because WORKSPACE_SLUG environment variable is empty
[debug] [2025-12-11T09:08:07.549Z] > command requires scopes: ["email","openid","https://www.googleapis.com/auth/cloudplatformprojects.readonly","https://www.googleapis.com/auth/firebase","https://www.googleapis.com/auth/cloud-platform","https://www.googleapis.com/auth/userinfo.email"]
[debug] [2025-12-11T09:08:07.549Z] > command requires scopes: ["email","openid","https://www.googleapis.com/auth/cloudplatformprojects.readonly","https://www.googleapis.com/auth/firebase","https://www.googleapis.com/auth/cloud-platform","https://www.googleapis.com/auth/userinfo.email"]
[debug] [2025-12-11T09:08:07.549Z] > command requires scopes: ["email","openid","https://www.googleapis.com/auth/cloudplatformprojects.readonly","https://www.googleapis.com/auth/firebase","https://www.googleapis.com/auth/cloud-platform","https://www.googleapis.com/auth/userinfo.email"]
[error] Failed to fetch Firebase Project from Studio Workspace because WORKSPACE_SLUG environment variable is empty
[error] Failed to fetch Firebase Project from Studio Workspace because WORKSPACE_SLUG environment variable is empty
[error] Failed to fetch Firebase Project from Studio Workspace because WORKSPACE_SLUG environment variable is empty
[debug] [2025-12-11T09:43:53.500Z] > command requires scopes: ["email","openid","https://www.googleapis.com/auth/cloudplatformprojects.readonly","https://www.googleapis.com/auth/firebase","https://www.googleapis.com/auth/cloud-platform","https://www.googleapis.com/auth/userinfo.email"]
[debug] [2025-12-11T09:44:08.116Z] Running auto auth
[error] Failed to fetch Firebase Project from Studio Workspace because WORKSPACE_SLUG environment variable is empty
[debug] [2025-12-11T09:44:08.159Z] > command requires scopes: ["email","openid","https://www.googleapis.com/auth/cloudplatformprojects.readonly","https://www.googleapis.com/auth/firebase","https://www.googleapis.com/auth/cloud-platform","https://www.googleapis.com/auth/userinfo.email"]
[debug] [2025-12-11T09:44:08.160Z] > authorizing via signed-in user (shobhit.choudhary22@gmail.com)
[error] Failed to fetch Firebase Project from Studio Workspace because WORKSPACE_SLUG environment variable is empty
[error] Failed to fetch Firebase Project from Studio Workspace because WORKSPACE_SLUG environment variable is empty
[error] Failed to fetch Firebase Project from Studio Workspace because WORKSPACE_SLUG environment variable is empty
[error] Failed to fetch Firebase Project from Studio Workspace because WORKSPACE_SLUG environment variable is empty
[error] Failed to fetch Firebase Project from Studio Workspace because WORKSPACE_SLUG environment variable is empty
[error] Failed to fetch Firebase Project from Studio Workspace because WORKSPACE_SLUG environment variable is empty
[debug] [2025-12-11T09:44:08.198Z] > command requires scopes: ["email","openid","https://www.googleapis.com/auth/cloudplatformprojects.readonly","https://www.googleapis.com/auth/firebase","https://www.googleapis.com/auth/cloud-platform","https://www.googleapis.com/auth/userinfo.email"]
[debug] [2025-12-11T09:44:08.198Z] > authorizing via signed-in user (shobhit.choudhary22@gmail.com)
[debug] [2025-12-11T09:44:08.198Z] > command requires scopes: ["email","openid","https://www.googleapis.com/auth/cloudplatformprojects.readonly","https://www.googleapis.com/auth/firebase","https://www.googleapis.com/auth/cloud-platform","https://www.googleapis.com/auth/userinfo.email"]
[debug] [2025-12-11T09:44:08.198Z] > authorizing via signed-in user (shobhit.choudhary22@gmail.com)
[error] Failed to fetch Firebase Project from Studio Workspace because WORKSPACE_SLUG environment variable is empty
[error] Failed to fetch Firebase Project from Studio Workspace because WORKSPACE_SLUG environment variable is empty
[debug] [2025-12-11T09:44:08.204Z] > command requires scopes: ["email","openid","https://www.googleapis.com/auth/cloudplatformprojects.readonly","https://www.googleapis.com/auth/firebase","https://www.googleapis.com/auth/cloud-platform","https://www.googleapis.com/auth/userinfo.email"]
[debug] [2025-12-11T09:44:08.204Z] > authorizing via signed-in user (shobhit.choudhary22@gmail.com)
[debug] [2025-12-11T09:44:08.209Z] > command requires scopes: ["email","openid","https://www.googleapis.com/auth/cloudplatformprojects.readonly","https://www.googleapis.com/auth/firebase","https://www.googleapis.com/auth/cloud-platform","https://www.googleapis.com/auth/userinfo.email"]
[debug] [2025-12-11T09:44:08.210Z] > authorizing via signed-in user (shobhit.choudhary22@gmail.com)
[error] Failed to fetch Firebase Project from Studio Workspace because WORKSPACE_SLUG environment variable is empty
[error] Failed to fetch Firebase Project from Studio Workspace because WORKSPACE_SLUG environment variable is empty
[debug] [2025-12-11T10:33:04.252Z] > command requires scopes: ["email","openid","https://www.googleapis.com/auth/cloudplatformprojects.readonly","https://www.googleapis.com/auth/firebase","https://www.googleapis.com/auth/cloud-platform","https://www.googleapis.com/auth/userinfo.email"]
[debug] [2025-12-11T10:33:04.252Z] > authorizing via signed-in user (shobhit.choudhary22@gmail.com)
[error] Failed to fetch Firebase Project from Studio Workspace because WORKSPACE_SLUG environment variable is empty
[error] Failed to fetch Firebase Project from Studio Workspace because WORKSPACE_SLUG environment variable is empty
[debug] [2025-12-11T10:33:04.269Z] > command requires scopes: ["email","openid","https://www.googleapis.com/auth/cloudplatformprojects.readonly","https://www.googleapis.com/auth/firebase","https://www.googleapis.com/auth/cloud-platform","https://www.googleapis.com/auth/userinfo.email"]
[debug] [2025-12-11T10:33:04.270Z] > authorizing via signed-in user (shobhit.choudhary22@gmail.com)
[debug] [2025-12-11T10:33:04.285Z] No OAuth tokens found
[debug] [2025-12-11T10:33:04.296Z] >>> [apiv2][query] GET https://serviceusage.googleapis.com/v1/projects/calenadarapp/services/cloudresourcemanager.googleapis.com [none]
[debug] [2025-12-11T10:33:04.296Z] >>> [apiv2][(partial)header] GET https://serviceusage.googleapis.com/v1/projects/calenadarapp/services/cloudresourcemanager.googleapis.com x-goog-quota-user=projects/calenadarapp
[debug] [2025-12-11T10:33:05.711Z] <<< [apiv2][status] GET https://serviceusage.googleapis.com/v1/projects/calenadarapp/services/cloudresourcemanager.googleapis.com 200
[debug] [2025-12-11T10:33:05.712Z] <<< [apiv2][body] GET https://serviceusage.googleapis.com/v1/projects/calenadarapp/services/cloudresourcemanager.googleapis.com [omitted]
[debug] [2025-12-11T10:33:05.728Z] No OAuth tokens found
[debug] [2025-12-11T10:33:05.731Z] >>> [apiv2][query] GET https://cloudresourcemanager.googleapis.com/v1/projects/calenadarapp [none]
[debug] [2025-12-11T10:33:06.569Z] <<< [apiv2][status] GET https://cloudresourcemanager.googleapis.com/v1/projects/calenadarapp 200
[debug] [2025-12-11T10:33:06.569Z] <<< [apiv2][body] GET https://cloudresourcemanager.googleapis.com/v1/projects/calenadarapp {"projectNumber":"321494756534","projectId":"calenadarapp","lifecycleState":"ACTIVE","name":"calenadarApp","labels":{"firebase":"enabled","firebase-core":"disabled"},"createTime":"2025-12-11T02:46:44.357862Z"}
[info] Updating Studio Workspace active project to match Firebase CLI 'calenadarapp'
[error] Failed to update Firebase Project for Studio Workspace because WORKSPACE_SLUG environment variable is empty
[info] Now using project calenadarapp
[error] Failed to fetch Firebase Project from Studio Workspace because WORKSPACE_SLUG environment variable is empty
[error] Failed to fetch Firebase Project from Studio Workspace because WORKSPACE_SLUG environment variable is empty
[error] Failed to fetch Firebase Project from Studio Workspace because WORKSPACE_SLUG environment variable is empty
[error] Failed to fetch Firebase Project from Studio Workspace because WORKSPACE_SLUG environment variable is empty
[debug] [2025-12-11T10:40:09.469Z] > command requires scopes: ["email","openid","https://www.googleapis.com/auth/cloudplatformprojects.readonly","https://www.googleapis.com/auth/firebase","https://www.googleapis.com/auth/cloud-platform","https://www.googleapis.com/auth/userinfo.email"]
[debug] [2025-12-11T10:40:09.471Z] > authorizing via signed-in user (shobhit.choudhary22@gmail.com)
[debug] [2025-12-11T10:40:09.499Z] No OAuth tokens found
[debug] [2025-12-11T10:40:09.501Z] No OAuth tokens found
[debug] [2025-12-11T10:40:09.501Z] > command requires scopes: ["email","openid","https://www.googleapis.com/auth/cloudplatformprojects.readonly","https://www.googleapis.com/auth/firebase","https://www.googleapis.com/auth/cloud-platform","https://www.googleapis.com/auth/userinfo.email"]
[debug] [2025-12-11T10:40:09.502Z] > authorizing via signed-in user (shobhit.choudhary22@gmail.com)
[debug] [2025-12-11T10:40:09.504Z] No OAuth tokens found
[debug] [2025-12-11T10:40:09.505Z] No OAuth tokens found
[debug] [2025-12-11T10:40:09.506Z] > command requires scopes: ["email","openid","https://www.googleapis.com/auth/cloudplatformprojects.readonly","https://www.googleapis.com/auth/firebase","https://www.googleapis.com/auth/cloud-platform","https://www.googleapis.com/auth/userinfo.email"]
[debug] [2025-12-11T10:40:09.506Z] > authorizing via signed-in user (shobhit.choudhary22@gmail.com)
[debug] [2025-12-11T10:40:09.508Z] No OAuth tokens found
[debug] [2025-12-11T10:40:09.508Z] No OAuth tokens found
[debug] [2025-12-11T10:40:09.509Z] > command requires scopes: ["email","openid","https://www.googleapis.com/auth/cloudplatformprojects.readonly","https://www.googleapis.com/auth/firebase","https://www.googleapis.com/auth/cloud-platform","https://www.googleapis.com/auth/userinfo.email"]
[debug] [2025-12-11T10:40:09.509Z] > authorizing via signed-in user (shobhit.choudhary22@gmail.com)
[debug] [2025-12-11T10:40:09.512Z] No OAuth tokens found
[debug] [2025-12-11T10:40:09.512Z] No OAuth tokens found
[debug] [2025-12-11T10:40:09.513Z] > command requires scopes: ["email","openid","https://www.googleapis.com/auth/cloudplatformprojects.readonly","https://www.googleapis.com/auth/firebase","https://www.googleapis.com/auth/cloud-platform","https://www.googleapis.com/auth/userinfo.email"]
[debug] [2025-12-11T10:40:09.513Z] > authorizing via signed-in user (shobhit.choudhary22@gmail.com)
[debug] [2025-12-11T10:40:09.515Z] No OAuth tokens found
[debug] [2025-12-11T10:40:09.518Z] No OAuth tokens found
[debug] [2025-12-11T10:40:09.518Z] > command requires scopes: ["email","openid","https://www.googleapis.com/auth/cloudplatformprojects.readonly","https://www.googleapis.com/auth/firebase","https://www.googleapis.com/auth/cloud-platform","https://www.googleapis.com/auth/userinfo.email"]
[debug] [2025-12-11T10:40:09.519Z] > authorizing via signed-in user (shobhit.choudhary22@gmail.com)
[debug] [2025-12-11T10:40:09.521Z] No OAuth tokens found
[debug] [2025-12-11T10:40:09.523Z] No OAuth tokens found
[debug] [2025-12-11T10:40:09.523Z] > command requires scopes: ["email","openid","https://www.googleapis.com/auth/cloudplatformprojects.readonly","https://www.googleapis.com/auth/firebase","https://www.googleapis.com/auth/cloud-platform","https://www.googleapis.com/auth/userinfo.email"]
[debug] [2025-12-11T10:40:09.523Z] > authorizing via signed-in user (shobhit.choudhary22@gmail.com)
[debug] [2025-12-11T10:40:09.525Z] No OAuth tokens found
[debug] [2025-12-11T10:40:09.526Z] No OAuth tokens found
[debug] [2025-12-11T10:40:09.526Z] > command requires scopes: ["email","openid","https://www.googleapis.com/auth/cloudplatformprojects.readonly","https://www.googleapis.com/auth/firebase","https://www.googleapis.com/auth/cloud-platform","https://www.googleapis.com/auth/userinfo.email"]
[debug] [2025-12-11T10:40:09.527Z] > authorizing via signed-in user (shobhit.choudhary22@gmail.com)
[debug] [2025-12-11T10:40:09.542Z] No OAuth tokens found
[debug] [2025-12-11T10:40:09.543Z] No OAuth tokens found
[debug] [2025-12-11T10:40:09.543Z] > command requires scopes: ["email","openid","https://www.googleapis.com/auth/cloudplatformprojects.readonly","https://www.googleapis.com/auth/firebase","https://www.googleapis.com/auth/cloud-platform","https://www.googleapis.com/auth/userinfo.email"]
[debug] [2025-12-11T10:40:09.543Z] > authorizing via signed-in user (shobhit.choudhary22@gmail.com)
[debug] [2025-12-11T10:40:09.544Z] No OAuth tokens found
[debug] [2025-12-11T10:40:09.545Z] No OAuth tokens found
[debug] [2025-12-11T10:40:09.545Z] > command requires scopes: ["email","openid","https://www.googleapis.com/auth/cloudplatformprojects.readonly","https://www.googleapis.com/auth/firebase","https://www.googleapis.com/auth/cloud-platform","https://www.googleapis.com/auth/userinfo.email"]
[debug] [2025-12-11T10:40:09.545Z] > authorizing via signed-in user (shobhit.choudhary22@gmail.com)
[debug] [2025-12-11T10:40:09.545Z] > command requires scopes: ["email","openid","https://www.googleapis.com/auth/cloudplatformprojects.readonly","https://www.googleapis.com/auth/firebase","https://www.googleapis.com/auth/cloud-platform","https://www.googleapis.com/auth/userinfo.email"]
[debug] [2025-12-11T10:40:09.546Z] > authorizing via signed-in user (shobhit.choudhary22@gmail.com)
[debug] [2025-12-11T10:40:09.547Z] No OAuth tokens found
[debug] [2025-12-11T10:40:09.548Z] No OAuth tokens found
[debug] [2025-12-11T10:40:09.548Z] > command requires scopes: ["email","openid","https://www.googleapis.com/auth/cloudplatformprojects.readonly","https://www.googleapis.com/auth/firebase","https://www.googleapis.com/auth/cloud-platform","https://www.googleapis.com/auth/userinfo.email"]
[debug] [2025-12-11T10:40:09.548Z] > authorizing via signed-in user (shobhit.choudhary22@gmail.com)
[debug] [2025-12-11T10:40:09.549Z] No OAuth tokens found
[debug] [2025-12-11T10:40:09.549Z] No OAuth tokens found
[debug] [2025-12-11T10:40:09.550Z] > command requires scopes: ["email","openid","https://www.googleapis.com/auth/cloudplatformprojects.readonly","https://www.googleapis.com/auth/firebase","https://www.googleapis.com/auth/cloud-platform","https://www.googleapis.com/auth/userinfo.email"]
[debug] [2025-12-11T10:40:09.550Z] > authorizing via signed-in user (shobhit.choudhary22@gmail.com)
[debug] [2025-12-11T10:40:09.551Z] No OAuth tokens found
[debug] [2025-12-11T10:40:09.551Z] No OAuth tokens found
[debug] [2025-12-11T10:40:09.552Z] > command requires scopes: ["email","openid","https://www.googleapis.com/auth/cloudplatformprojects.readonly","https://www.googleapis.com/auth/firebase","https://www.googleapis.com/auth/cloud-platform","https://www.googleapis.com/auth/userinfo.email"]
[debug] [2025-12-11T10:40:09.552Z] > authorizing via signed-in user (shobhit.choudhary22@gmail.com)
[debug] [2025-12-11T10:40:09.552Z] No OAuth tokens found
[debug] [2025-12-11T10:40:09.553Z] No OAuth tokens found
[debug] [2025-12-11T10:40:09.553Z] > command requires scopes: ["email","openid","https://www.googleapis.com/auth/cloudplatformprojects.readonly","https://www.googleapis.com/auth/firebase","https://www.googleapis.com/auth/cloud-platform","https://www.googleapis.com/auth/userinfo.email"]
[debug] [2025-12-11T10:40:09.553Z] > authorizing via signed-in user (shobhit.choudhary22@gmail.com)
[debug] [2025-12-11T10:40:09.555Z] No OAuth tokens found
[debug] [2025-12-11T10:40:09.555Z] No OAuth tokens found
[debug] [2025-12-11T10:40:09.555Z] > command requires scopes: ["email","openid","https://www.googleapis.com/auth/cloudplatformprojects.readonly","https://www.googleapis.com/auth/firebase","https://www.googleapis.com/auth/cloud-platform","https://www.googleapis.com/auth/userinfo.email"]
[debug] [2025-12-11T10:40:09.555Z] > authorizing via signed-in user (shobhit.choudhary22@gmail.com)
[debug] [2025-12-11T10:40:09.557Z] No OAuth tokens found
[debug] [2025-12-11T10:40:09.558Z] No OAuth tokens found
[debug] [2025-12-11T10:40:09.558Z] > command requires scopes: ["email","openid","https://www.googleapis.com/auth/cloudplatformprojects.readonly","https://www.googleapis.com/auth/firebase","https://www.googleapis.com/auth/cloud-platform","https://www.googleapis.com/auth/userinfo.email"]
[debug] [2025-12-11T10:40:09.558Z] > authorizing via signed-in user (shobhit.choudhary22@gmail.com)
[debug] [2025-12-11T10:40:09.559Z] No OAuth tokens found
[debug] [2025-12-11T10:40:09.560Z] No OAuth tokens found
[debug] [2025-12-11T10:40:09.560Z] > command requires scopes: ["email","openid","https://www.googleapis.com/auth/cloudplatformprojects.readonly","https://www.googleapis.com/auth/firebase","https://www.googleapis.com/auth/cloud-platform","https://www.googleapis.com/auth/userinfo.email"]
[debug] [2025-12-11T10:40:09.561Z] > authorizing via signed-in user (shobhit.choudhary22@gmail.com)
[debug] [2025-12-11T10:40:09.568Z] No OAuth tokens found
[debug] [2025-12-11T10:40:09.569Z] No OAuth tokens found
[debug] [2025-12-11T10:40:09.569Z] > command requires scopes: ["email","openid","https://www.googleapis.com/auth/cloudplatformprojects.readonly","https://www.googleapis.com/auth/firebase","https://www.googleapis.com/auth/cloud-platform","https://www.googleapis.com/auth/userinfo.email"]
[debug] [2025-12-11T10:40:09.569Z] > authorizing via signed-in user (shobhit.choudhary22@gmail.com)
[debug] [2025-12-11T10:40:09.571Z] No OAuth tokens found
[debug] [2025-12-11T10:40:09.572Z] No OAuth tokens found
[debug] [2025-12-11T10:40:09.572Z] > command requires scopes: ["email","openid","https://www.googleapis.com/auth/cloudplatformprojects.readonly","https://www.googleapis.com/auth/firebase","https://www.googleapis.com/auth/cloud-platform","https://www.googleapis.com/auth/userinfo.email"]
[debug] [2025-12-11T10:40:09.572Z] > authorizing via signed-in user (shobhit.choudhary22@gmail.com)
[debug] [2025-12-11T10:40:09.574Z] >>> [apiv2][query] GET https://serviceusage.googleapis.com/v1/projects/calenadarapp/services/firestore.googleapis.com [none]
[debug] [2025-12-11T10:40:09.575Z] >>> [apiv2][(partial)header] GET https://serviceusage.googleapis.com/v1/projects/calenadarapp/services/firestore.googleapis.com x-goog-quota-user=projects/calenadarapp
[debug] [2025-12-11T10:40:09.652Z] >>> [apiv2][query] GET https://serviceusage.googleapis.com/v1/projects/calenadarapp/services/storage.googleapis.com [none]
[debug] [2025-12-11T10:40:09.653Z] >>> [apiv2][(partial)header] GET https://serviceusage.googleapis.com/v1/projects/calenadarapp/services/storage.googleapis.com x-goog-quota-user=projects/calenadarapp
[debug] [2025-12-11T10:40:09.659Z] >>> [apiv2][query] GET https://serviceusage.googleapis.com/v1/projects/calenadarapp/services/firebasedataconnect.googleapis.com [none]
[debug] [2025-12-11T10:40:09.659Z] >>> [apiv2][(partial)header] GET https://serviceusage.googleapis.com/v1/projects/calenadarapp/services/firebasedataconnect.googleapis.com x-goog-quota-user=projects/calenadarapp
[debug] [2025-12-11T10:40:09.664Z] >>> [apiv2][query] GET https://serviceusage.googleapis.com/v1/projects/calenadarapp/services/identitytoolkit.googleapis.com [none]
[debug] [2025-12-11T10:40:09.664Z] >>> [apiv2][(partial)header] GET https://serviceusage.googleapis.com/v1/projects/calenadarapp/services/identitytoolkit.googleapis.com x-goog-quota-user=projects/calenadarapp
[debug] [2025-12-11T10:40:09.667Z] >>> [apiv2][query] GET https://serviceusage.googleapis.com/v1/projects/calenadarapp/services/fcm.googleapis.com [none]
[debug] [2025-12-11T10:40:09.667Z] >>> [apiv2][(partial)header] GET https://serviceusage.googleapis.com/v1/projects/calenadarapp/services/fcm.googleapis.com x-goog-quota-user=projects/calenadarapp
[debug] [2025-12-11T10:40:09.670Z] >>> [apiv2][query] GET https://serviceusage.googleapis.com/v1/projects/calenadarapp/services/cloudfunctions.googleapis.com [none]
[debug] [2025-12-11T10:40:09.670Z] >>> [apiv2][(partial)header] GET https://serviceusage.googleapis.com/v1/projects/calenadarapp/services/cloudfunctions.googleapis.com x-goog-quota-user=projects/calenadarapp
[debug] [2025-12-11T10:40:09.672Z] >>> [apiv2][query] GET https://serviceusage.googleapis.com/v1/projects/calenadarapp/services/firebaseremoteconfig.googleapis.com [none]
[debug] [2025-12-11T10:40:09.672Z] >>> [apiv2][(partial)header] GET https://serviceusage.googleapis.com/v1/projects/calenadarapp/services/firebaseremoteconfig.googleapis.com x-goog-quota-user=projects/calenadarapp
[debug] [2025-12-11T10:40:09.677Z] >>> [apiv2][query] GET https://serviceusage.googleapis.com/v1/projects/calenadarapp/services/firebaseapphosting.googleapis.com [none]
[debug] [2025-12-11T10:40:09.678Z] >>> [apiv2][(partial)header] GET https://serviceusage.googleapis.com/v1/projects/calenadarapp/services/firebaseapphosting.googleapis.com x-goog-quota-user=projects/calenadarapp
[debug] [2025-12-11T10:40:09.681Z] >>> [apiv2][query] GET https://serviceusage.googleapis.com/v1/projects/calenadarapp/services/firebaseio.com [none]
[debug] [2025-12-11T10:40:09.681Z] >>> [apiv2][(partial)header] GET https://serviceusage.googleapis.com/v1/projects/calenadarapp/services/firebaseio.com x-goog-quota-user=projects/calenadarapp
[debug] [2025-12-11T10:40:09.686Z] >>> [apiv2][query] GET https://serviceusage.googleapis.com/v1/projects/calenadarapp/services/firestore.googleapis.com [none]
[debug] [2025-12-11T10:40:09.686Z] >>> [apiv2][(partial)header] GET https://serviceusage.googleapis.com/v1/projects/calenadarapp/services/firestore.googleapis.com x-goog-quota-user=projects/calenadarapp
[debug] [2025-12-11T10:40:09.689Z] >>> [apiv2][query] GET https://serviceusage.googleapis.com/v1/projects/calenadarapp/services/storage.googleapis.com [none]
[debug] [2025-12-11T10:40:09.689Z] >>> [apiv2][(partial)header] GET https://serviceusage.googleapis.com/v1/projects/calenadarapp/services/storage.googleapis.com x-goog-quota-user=projects/calenadarapp
[debug] [2025-12-11T10:40:09.692Z] >>> [apiv2][query] GET https://serviceusage.googleapis.com/v1/projects/calenadarapp/services/firebasedataconnect.googleapis.com [none]
[debug] [2025-12-11T10:40:09.692Z] >>> [apiv2][(partial)header] GET https://serviceusage.googleapis.com/v1/projects/calenadarapp/services/firebasedataconnect.googleapis.com x-goog-quota-user=projects/calenadarapp
[debug] [2025-12-11T10:40:09.696Z] >>> [apiv2][query] GET https://serviceusage.googleapis.com/v1/projects/calenadarapp/services/identitytoolkit.googleapis.com [none]
[debug] [2025-12-11T10:40:09.697Z] >>> [apiv2][(partial)header] GET https://serviceusage.googleapis.com/v1/projects/calenadarapp/services/identitytoolkit.googleapis.com x-goog-quota-user=projects/calenadarapp
[debug] [2025-12-11T10:40:09.700Z] >>> [apiv2][query] GET https://serviceusage.googleapis.com/v1/projects/calenadarapp/services/fcm.googleapis.com [none]
[debug] [2025-12-11T10:40:09.700Z] >>> [apiv2][(partial)header] GET https://serviceusage.googleapis.com/v1/projects/calenadarapp/services/fcm.googleapis.com x-goog-quota-user=projects/calenadarapp
[debug] [2025-12-11T10:40:09.704Z] >>> [apiv2][query] GET https://serviceusage.googleapis.com/v1/projects/calenadarapp/services/cloudfunctions.googleapis.com [none]
[debug] [2025-12-11T10:40:09.704Z] >>> [apiv2][(partial)header] GET https://serviceusage.googleapis.com/v1/projects/calenadarapp/services/cloudfunctions.googleapis.com x-goog-quota-user=projects/calenadarapp
[debug] [2025-12-11T10:40:09.710Z] >>> [apiv2][query] GET https://serviceusage.googleapis.com/v1/projects/calenadarapp/services/firebaseremoteconfig.googleapis.com [none]
[debug] [2025-12-11T10:40:09.710Z] >>> [apiv2][(partial)header] GET https://serviceusage.googleapis.com/v1/projects/calenadarapp/services/firebaseremoteconfig.googleapis.com x-goog-quota-user=projects/calenadarapp
[debug] [2025-12-11T10:40:09.713Z] >>> [apiv2][query] GET https://serviceusage.googleapis.com/v1/projects/calenadarapp/services/firebaseapphosting.googleapis.com [none]
[debug] [2025-12-11T10:40:09.713Z] >>> [apiv2][(partial)header] GET https://serviceusage.googleapis.com/v1/projects/calenadarapp/services/firebaseapphosting.googleapis.com x-goog-quota-user=projects/calenadarapp
[debug] [2025-12-11T10:40:09.717Z] >>> [apiv2][query] GET https://serviceusage.googleapis.com/v1/projects/calenadarapp/services/firebaseio.com [none]
[debug] [2025-12-11T10:40:09.718Z] >>> [apiv2][(partial)header] GET https://serviceusage.googleapis.com/v1/projects/calenadarapp/services/firebaseio.com x-goog-quota-user=projects/calenadarapp
[debug] [2025-12-11T10:40:10.934Z] <<< [apiv2][status] GET https://serviceusage.googleapis.com/v1/projects/calenadarapp/services/firestore.googleapis.com 200
[debug] [2025-12-11T10:40:10.934Z] <<< [apiv2][body] GET https://serviceusage.googleapis.com/v1/projects/calenadarapp/services/firestore.googleapis.com [omitted]
[debug] [2025-12-11T10:40:11.033Z] <<< [apiv2][status] GET https://serviceusage.googleapis.com/v1/projects/calenadarapp/services/storage.googleapis.com 200
[debug] [2025-12-11T10:40:11.033Z] <<< [apiv2][body] GET https://serviceusage.googleapis.com/v1/projects/calenadarapp/services/storage.googleapis.com [omitted]
[debug] [2025-12-11T10:40:11.116Z] <<< [apiv2][status] GET https://serviceusage.googleapis.com/v1/projects/calenadarapp/services/fcm.googleapis.com 200
[debug] [2025-12-11T10:40:11.117Z] <<< [apiv2][body] GET https://serviceusage.googleapis.com/v1/projects/calenadarapp/services/fcm.googleapis.com [omitted]
[debug] [2025-12-11T10:40:11.165Z] <<< [apiv2][status] GET https://serviceusage.googleapis.com/v1/projects/calenadarapp/services/firebaseio.com 403
[debug] [2025-12-11T10:40:11.165Z] <<< [apiv2][body] GET https://serviceusage.googleapis.com/v1/projects/calenadarapp/services/firebaseio.com [omitted]
[debug] [2025-12-11T10:40:11.202Z] <<< [apiv2][status] GET https://serviceusage.googleapis.com/v1/projects/calenadarapp/services/firebaseapphosting.googleapis.com 200
[debug] [2025-12-11T10:40:11.206Z] <<< [apiv2][body] GET https://serviceusage.googleapis.com/v1/projects/calenadarapp/services/firebaseapphosting.googleapis.com [omitted]
[debug] [2025-12-11T10:40:11.218Z] <<< [apiv2][status] GET https://serviceusage.googleapis.com/v1/projects/calenadarapp/services/cloudfunctions.googleapis.com 200
[debug] [2025-12-11T10:40:11.219Z] <<< [apiv2][body] GET https://serviceusage.googleapis.com/v1/projects/calenadarapp/services/cloudfunctions.googleapis.com [omitted]
[debug] [2025-12-11T10:40:11.224Z] <<< [apiv2][status] GET https://serviceusage.googleapis.com/v1/projects/calenadarapp/services/identitytoolkit.googleapis.com 200
[debug] [2025-12-11T10:40:11.225Z] <<< [apiv2][body] GET https://serviceusage.googleapis.com/v1/projects/calenadarapp/services/identitytoolkit.googleapis.com [omitted]
[debug] [2025-12-11T10:40:11.258Z] <<< [apiv2][status] GET https://serviceusage.googleapis.com/v1/projects/calenadarapp/services/firebasedataconnect.googleapis.com 200
[debug] [2025-12-11T10:40:11.259Z] <<< [apiv2][body] GET https://serviceusage.googleapis.com/v1/projects/calenadarapp/services/firebasedataconnect.googleapis.com [omitted]
[debug] [2025-12-11T10:40:11.261Z] <<< [apiv2][status] GET https://serviceusage.googleapis.com/v1/projects/calenadarapp/services/firestore.googleapis.com 200
[debug] [2025-12-11T10:40:11.261Z] <<< [apiv2][body] GET https://serviceusage.googleapis.com/v1/projects/calenadarapp/services/firestore.googleapis.com [omitted]
[debug] [2025-12-11T10:40:11.294Z] <<< [apiv2][status] GET https://serviceusage.googleapis.com/v1/projects/calenadarapp/services/identitytoolkit.googleapis.com 200
[debug] [2025-12-11T10:40:11.294Z] <<< [apiv2][body] GET https://serviceusage.googleapis.com/v1/projects/calenadarapp/services/identitytoolkit.googleapis.com [omitted]
[debug] [2025-12-11T10:40:11.336Z] <<< [apiv2][status] GET https://serviceusage.googleapis.com/v1/projects/calenadarapp/services/firebasedataconnect.googleapis.com 200
[debug] [2025-12-11T10:40:11.336Z] <<< [apiv2][body] GET https://serviceusage.googleapis.com/v1/projects/calenadarapp/services/firebasedataconnect.googleapis.com [omitted]
[debug] [2025-12-11T10:40:11.365Z] <<< [apiv2][status] GET https://serviceusage.googleapis.com/v1/projects/calenadarapp/services/firebaseio.com 403
[debug] [2025-12-11T10:40:11.371Z] <<< [apiv2][body] GET https://serviceusage.googleapis.com/v1/projects/calenadarapp/services/firebaseio.com [omitted]
[debug] [2025-12-11T10:40:11.395Z] <<< [apiv2][status] GET https://serviceusage.googleapis.com/v1/projects/calenadarapp/services/firebaseremoteconfig.googleapis.com 200
[debug] [2025-12-11T10:40:11.395Z] <<< [apiv2][body] GET https://serviceusage.googleapis.com/v1/projects/calenadarapp/services/firebaseremoteconfig.googleapis.com [omitted]
[debug] [2025-12-11T10:40:11.430Z] <<< [apiv2][status] GET https://serviceusage.googleapis.com/v1/projects/calenadarapp/services/storage.googleapis.com 200
[debug] [2025-12-11T10:40:11.432Z] <<< [apiv2][body] GET https://serviceusage.googleapis.com/v1/projects/calenadarapp/services/storage.googleapis.com [omitted]
[debug] [2025-12-11T10:40:11.453Z] <<< [apiv2][status] GET https://serviceusage.googleapis.com/v1/projects/calenadarapp/services/fcm.googleapis.com 200
[debug] [2025-12-11T10:40:11.453Z] <<< [apiv2][body] GET https://serviceusage.googleapis.com/v1/projects/calenadarapp/services/fcm.googleapis.com [omitted]
[debug] [2025-12-11T10:40:11.489Z] <<< [apiv2][status] GET https://serviceusage.googleapis.com/v1/projects/calenadarapp/services/firebaseremoteconfig.googleapis.com 200
[debug] [2025-12-11T10:40:11.490Z] <<< [apiv2][body] GET https://serviceusage.googleapis.com/v1/projects/calenadarapp/services/firebaseremoteconfig.googleapis.com [omitted]
[debug] [2025-12-11T10:40:11.529Z] <<< [apiv2][status] GET https://serviceusage.googleapis.com/v1/projects/calenadarapp/services/firebaseapphosting.googleapis.com 200
[debug] [2025-12-11T10:40:11.529Z] <<< [apiv2][body] GET https://serviceusage.googleapis.com/v1/projects/calenadarapp/services/firebaseapphosting.googleapis.com [omitted]
[debug] [2025-12-11T10:40:11.541Z] <<< [apiv2][status] GET https://serviceusage.googleapis.com/v1/projects/calenadarapp/services/cloudfunctions.googleapis.com 200
[debug] [2025-12-11T10:40:11.541Z] <<< [apiv2][body] GET https://serviceusage.googleapis.com/v1/projects/calenadarapp/services/cloudfunctions.googleapis.com [omitted]
[error] Failed to fetch Firebase Project from Studio Workspace because WORKSPACE_SLUG environment variable is empty
[error] Failed to fetch Firebase Project from Studio Workspace because WORKSPACE_SLUG environment variable is empty
[error] Failed to fetch Firebase Project from Studio Workspace because WORKSPACE_SLUG environment variable is empty
[debug] [2025-12-11T10:40:11.558Z] > command requires scopes: ["email","openid","https://www.googleapis.com/auth/cloudplatformprojects.readonly","https://www.googleapis.com/auth/firebase","https://www.googleapis.com/auth/cloud-platform","https://www.googleapis.com/auth/userinfo.email"]
[debug] [2025-12-11T10:40:11.559Z] > authorizing via signed-in user (shobhit.choudhary22@gmail.com)
[error] Failed to fetch Firebase Project from Studio Workspace because WORKSPACE_SLUG environment variable is empty
[debug] [2025-12-11T10:40:11.562Z] > command requires scopes: ["email","openid","https://www.googleapis.com/auth/cloudplatformprojects.readonly","https://www.googleapis.com/auth/firebase","https://www.googleapis.com/auth/cloud-platform","https://www.googleapis.com/auth/userinfo.email"]
[debug] [2025-12-11T10:40:11.562Z] > authorizing via signed-in user (shobhit.choudhary22@gmail.com)
[error] Failed to fetch Firebase Project from Studio Workspace because WORKSPACE_SLUG environment variable is empty
[error] Failed to fetch Firebase Project from Studio Workspace because WORKSPACE_SLUG environment variable is empty
[error] Failed to fetch Firebase Project from Studio Workspace because WORKSPACE_SLUG environment variable is empty
[error] Failed to fetch Firebase Project from Studio Workspace because WORKSPACE_SLUG environment variable is empty
[error] Failed to fetch Firebase Project from Studio Workspace because WORKSPACE_SLUG environment variable is empty
[error] Failed to fetch Firebase Project from Studio Workspace because WORKSPACE_SLUG environment variable is empty
[debug] [2025-12-11T10:40:11.618Z] > command requires scopes: ["email","openid","https://www.googleapis.com/auth/cloudplatformprojects.readonly","https://www.googleapis.com/auth/firebase","https://www.googleapis.com/auth/cloud-platform","https://www.googleapis.com/auth/userinfo.email"]
[debug] [2025-12-11T10:40:11.618Z] > authorizing via signed-in user (shobhit.choudhary22@gmail.com)
[debug] [2025-12-11T10:40:11.618Z] > command requires scopes: ["email","openid","https://www.googleapis.com/auth/cloudplatformprojects.readonly","https://www.googleapis.com/auth/firebase","https://www.googleapis.com/auth/cloud-platform","https://www.googleapis.com/auth/userinfo.email"]
[debug] [2025-12-11T10:40:11.618Z] > authorizing via signed-in user (shobhit.choudhary22@gmail.com)
[error] Failed to fetch Firebase Project from Studio Workspace because WORKSPACE_SLUG environment variable is empty
[error] Failed to fetch Firebase Project from Studio Workspace because WORKSPACE_SLUG environment variable is empty
[debug] [2025-12-11T10:40:11.623Z] > command requires scopes: ["email","openid","https://www.googleapis.com/auth/cloudplatformprojects.readonly","https://www.googleapis.com/auth/firebase","https://www.googleapis.com/auth/cloud-platform","https://www.googleapis.com/auth/userinfo.email"]
[debug] [2025-12-11T10:40:11.623Z] > authorizing via signed-in user (shobhit.choudhary22@gmail.com)
[debug] [2025-12-11T10:40:11.624Z] > command requires scopes: ["email","openid","https://www.googleapis.com/auth/cloudplatformprojects.readonly","https://www.googleapis.com/auth/firebase","https://www.googleapis.com/auth/cloud-platform","https://www.googleapis.com/auth/userinfo.email"]
[debug] [2025-12-11T10:40:11.624Z] > authorizing via signed-in user (shobhit.choudhary22@gmail.com)
